// Vitest Snapshot v1, https://vitest.dev/guide/snapshot.html

exports[`table > should always fill the entire width if possible, but should not enforce it 1`] = `"255044462d312e330a25ffffffff0a382030206f626a0a3c3c0a2f54797065202f4578744753746174650a2f434120310a3e3e0a656e646f626a0a392030206f626a0a3c3c0a2f54797065202f4578744753746174650a2f636120310a3e3e0a656e646f626a0a372030206f626a0a3c3c0a2f54797065202f506167650a2f506172656e742031203020520a2f4d65646961426f78205b302030203834312e3839203539352e32385d0a2f436f6e74656e74732035203020520a2f5265736f75726365732036203020520a3e3e0a656e646f626a0a362030206f626a0a3c3c0a2f50726f63536574205b2f504446202f54657874202f496d61676542202f496d61676543202f496d616765495d0a2f457874475374617465203c3c0a2f4773312038203020520a2f4773322039203020520a3e3e0a2f466f6e74203c3c0a2f4631203130203020520a3e3e0a3e3e0a656e646f626a0a352030206f626a0a3c3c0a2f4c656e677468203839390a2f46696c746572202f466c6174654465636f64650a3e3e0a73747265616d0a789ced99c96ed4401086ef7e0abf008e6be9f68c84382440a41c9020738b721a12046290d048f0fa78efcaf4d8feadf40525d954e954f75f5fbb7a2987f2b2fe7c43f50fb775056ff2fd21ab38afbf0e190d064746d410fb4e77a6c84536856f3e2aecf768a0d898568f021cfbc860b873a3100f3e9de546eb89576be968b9d13a03cb6d772d5d21ed47dfd0f4613e0d91470d1ea3e5284ae141bfb3fc68bd74dcbbfb3ac9bf6665fea3febec92eae8f947f3b661d56e1fa2e545b3fb38bf70f7fbeef1fbe5c5fe657b759d92e92dbab4f19e57fb3db6e486abbd0d87da953db6188a833019ddab19f74eacda54eb2c04b0698506209c4021353401614590c32c1cc6e81590cb3a0cc2e303b985902b343999d611698395eab33095e8d094e8cb0f3e8392e7334c5bb58786402a41acf2a24399626f3d06ca819c616832d30361b6e81b9c570330cee96c0c5800b0cee0cb883c1c5803b18dc197081c1e343673add39ece7042d751e3dfb1307dfd18707c82047e7c9614f6760ca74099a0d35c3d86ab015c666c3ad30b71a6e86c1dd12b81a7085c19d017730b81a7007833b03ae30f8e4ed6926ebc326cfd8266fc7ee93df34e15b7eff54655b500875593db887cd9f91543abd404e2d8a5398438cbc4aab5f29a6093b1f6a513abd016f020012c36614ec29ccd421d93e3b5111d121e6c644cc9282a6464bb5337130ab055c57dd3664865971968432637a5549384b182e0ed85407829f256cca0384a3f39470960876df9a8726434d30361b6c86b1c97033cccd869b607059026703ce30b8187081c1d9800b0c2e069c61f0b85e9e49f77088085c2988a914043f36c4540a60e6369ee1b010ecde310fcd869a616c35d80a63b3e156985b0d37c3e07e095c0db8c2e0de807b185c0db887c1bd015718bc3a7df163dcf7c7defdb8ffd54c043713f13ba3b6ede42de8e5ae6fa79c880ade56b9d67f54bf75f9ae1ef563d39eef1eb3bbb79e2a57a97f7c9797f7f9ee26fbb0cb3e871731cfd767cfc586fda4beb094523e5177e9d475bd7afc7222c14318c250380c49282f430e4cc89fcd019730005dcf1f17cde91e83e0d9a009e565bdbc4b28effa2c98923f9b0593c55c82a7a15af89ab8bef9ca9ac48c6aa8740b64551ca13649b040aaaad87a69a677550c713990e2c4e8d294a7d294a234e584f2bc5e5e12cacb7af9f8929a6eab627cc7d484f2b25ede279477ebe5a3abd30bfb17e12bee2bee2bee7f81fb0f743658560a656e6473747265616d0a656e646f626a0a31322030206f626a0a285044464b6974290a656e646f626a0a31332030206f626a0a285044464b6974290a656e646f626a0a31342030206f626a0a3c3c0a3e3e0a656e646f626a0a31312030206f626a0a3c3c0a2f50726f6475636572203132203020520a2f43726561746f72203133203020520a2f4372656174696f6e44617465203134203020520a3e3e0a656e646f626a0a31302030206f626a0a3c3c0a2f54797065202f466f6e740a2f42617365466f6e74202f48656c7665746963610a2f53756274797065202f54797065310a2f456e636f64696e67202f57696e416e7369456e636f64696e670a3e3e0a656e646f626a0a342030206f626a0a3c3c0a3e3e0a656e646f626a0a332030206f626a0a3c3c0a2f54797065202f436174616c6f670a2f50616765732031203020520a2f4e616d65732032203020520a3e3e0a656e646f626a0a312030206f626a0a3c3c0a2f54797065202f50616765730a2f436f756e7420310a2f4b696473205b37203020525d0a3e3e0a656e646f626a0a322030206f626a0a3c3c0a2f4465737473203c3c0a20202f4e616d6573205b0a5d0a3e3e0a3e3e0a656e646f626a0a787265660a302031350a303030303030303030302036353533352066200a30303030303031363432203030303030206e200a30303030303031363939203030303030206e200a30303030303031353830203030303030206e200a30303030303031353539203030303030206e200a30303030303030333432203030303030206e200a30303030303030323133203030303030206e200a30303030303030313033203030303030206e200a30303030303030303135203030303030206e200a30303030303030303539203030303030206e200a30303030303031343631203030303030206e200a30303030303031333835203030303030206e200a30303030303031333133203030303030206e200a30303030303031333338203030303030206e200a30303030303031333633203030303030206e200a747261696c65720a3c3c0a2f53697a652031350a2f526f6f742033203020520a2f496e666f203131203020520a3e3e0a7374617274787265660a313734360a2525454f460a"`;

exports[`table > should render and override background colors correctly 1`] = `"255044462d312e330a25ffffffff0a382030206f626a0a3c3c0a2f54797065202f4578744753746174650a2f636120310a3e3e0a656e646f626a0a372030206f626a0a3c3c0a2f54797065202f506167650a2f506172656e742031203020520a2f4d65646961426f78205b302030203834312e3839203539352e32385d0a2f436f6e74656e74732035203020520a2f5265736f75726365732036203020520a3e3e0a656e646f626a0a362030206f626a0a3c3c0a2f50726f63536574205b2f504446202f54657874202f496d61676542202f496d61676543202f496d616765495d0a2f457874475374617465203c3c0a2f4773312038203020520a3e3e0a2f466f6e74203c3c0a2f46312039203020520a3e3e0a3e3e0a656e646f626a0a352030206f626a0a3c3c0a2f4c656e677468203332340a2f46696c746572202f466c6174654465636f64650a3e3e0a73747265616d0a789ced94c16a84301086ef798a79816693493251100fcbb60bbdb5782b3d055d7ad8422becf377ac8ada55c16af754154d26c3cf37f3276a507cdf697eb9d8498c209c8547e0e72c8cb292ccfc786dae335e2235eb14cb281ecdd5d84bae274d76331991ae6368b08a38059fb9d81df2cb5bc89f8f7b08a55050d55d8677b13b961a4ea528063c9dd8ac48253314e917d2092e2419ed0047aac18c94fe7674b4a85aa2a7f7bbb2aebc584873e36d705dd710e8a381fc7108f65913d7a05d242d69b0bc68297690b1ea03c735648578493c5291721624dea7400a120ca8d0186514f1557d5350af903d8afb4c3c0daa5d8f6762946e9a8e0c15143aa2966a40d4eff97a2242233d6ed8b0d16db085b14e6aef1d583b01cab613a6808c48815c0d5dc3b6a053ee6e05d9da3b81b8c4dead900895b466ebbeddf8bff02ffd37d25f1eaac1b30a656e6473747265616d0a656e646f626a0a31312030206f626a0a285044464b6974290a656e646f626a0a31322030206f626a0a285044464b6974290a656e646f626a0a31332030206f626a0a3c3c0a3e3e0a656e646f626a0a31302030206f626a0a3c3c0a2f50726f6475636572203131203020520a2f43726561746f72203132203020520a2f4372656174696f6e44617465203133203020520a3e3e0a656e646f626a0a392030206f626a0a3c3c0a2f54797065202f466f6e740a2f42617365466f6e74202f48656c7665746963610a2f53756274797065202f54797065310a2f456e636f64696e67202f57696e416e7369456e636f64696e670a3e3e0a656e646f626a0a342030206f626a0a3c3c0a3e3e0a656e646f626a0a332030206f626a0a3c3c0a2f54797065202f436174616c6f670a2f50616765732031203020520a2f4e616d65732032203020520a3e3e0a656e646f626a0a312030206f626a0a3c3c0a2f54797065202f50616765730a2f436f756e7420310a2f4b696473205b37203020525d0a3e3e0a656e646f626a0a322030206f626a0a3c3c0a2f4465737473203c3c0a20202f4e616d6573205b0a5d0a3e3e0a3e3e0a656e646f626a0a787265660a302031340a303030303030303030302036353533352066200a30303030303031303130203030303030206e200a30303030303031303637203030303030206e200a30303030303030393438203030303030206e200a30303030303030393237203030303030206e200a30303030303030323836203030303030206e200a30303030303030313639203030303030206e200a30303030303030303539203030303030206e200a30303030303030303135203030303030206e200a30303030303030383330203030303030206e200a30303030303030373534203030303030206e200a30303030303030363832203030303030206e200a30303030303030373037203030303030206e200a30303030303030373332203030303030206e200a747261696c65720a3c3c0a2f53697a652031340a2f526f6f742033203020520a2f496e666f203130203020520a3e3e0a7374617274787265660a313131340a2525454f460a"`;

exports[`table > should render and override borders correctly 1`] = `"255044462d312e330a25ffffffff0a382030206f626a0a3c3c0a2f54797065202f4578744753746174650a2f434120310a3e3e0a656e646f626a0a392030206f626a0a3c3c0a2f54797065202f4578744753746174650a2f636120310a3e3e0a656e646f626a0a372030206f626a0a3c3c0a2f54797065202f506167650a2f506172656e742031203020520a2f4d65646961426f78205b302030203834312e3839203539352e32385d0a2f436f6e74656e74732035203020520a2f5265736f75726365732036203020520a3e3e0a656e646f626a0a362030206f626a0a3c3c0a2f50726f63536574205b2f504446202f54657874202f496d61676542202f496d61676543202f496d616765495d0a2f457874475374617465203c3c0a2f4773312038203020520a2f4773322039203020520a3e3e0a2f466f6e74203c3c0a2f4631203130203020520a3e3e0a3e3e0a656e646f626a0a352030206f626a0a3c3c0a2f4c656e67746820313338370a2f46696c746572202f466c6174654465636f64650a3e3e0a73747265616d0a789ced59db6edc36107dd757e807aa7038bc8880e187a46d803c1468edb7204fdbb8685117280cb4bf5f5222c52157bc2c5606168dd7f17a4973660e0fe78c38318ccc7e7d07f64d1a39f1793c3d0f9a8ff6dff3c0859a84e6f2d2d1ebd80bce2623fcc08115a0838132d36c0ac6c0a9f53adaccd7a1b7f7831b8cfef98b3da05f0736fe61bf3f0def3ebec0f8db8b5b6cad26e9edc07efa7378f7fdd77f7e3f7dfde5e3fbf1c3c3c096037ef8f0d300e3bfc303f10b8b1d05da61be586d008d07d813d444361627ee63cb2e21bdc001d90026bc41c53d4fdd437244d834e44226a90101653b22903cd8dcd4b9584dd39c2b904136b19ceeb643563d5bcc22b0c598a42976980b3093880ab127eed1b6e3fab55e2bde4f9d94d5944aaf4009d98548a4cb2ade45e29d51918aa6993448ab83cdf6156233dcba32d4088c35a269b95f752a55436f5503789b08e29725617457cd605bbe9332d013d3f8200e295b3ef4568c2a0119fe84b79e1a1a8340a2b23e3a9cea0d7d344047bac3563e84089444471dc464cf9c56fdf0c4a43bbd20066415a48b19174d244f49d356400c6d7c248f3b10d54c4ffaf86d16112dd2cad8c3cb166165250c754f2911b434920ad18ce997fa6a2c223b17179365446c4e2fdee6e5f49763883b86fe1e60ef2af9fed1cfc308524da067eb5038fa9491e3a3f5fba3fd0d8c8f4fc3e73b84fb917d191f3f0d3f3c0e3fa74fffebe323b24949a62bf179123f7de25e0f403239d947698d004c00d0a7dbf5e1953693fd456dff220dbfff54392013504f333247842821e127ce10c8bbd8cd8da32091e4284182fde4380a01c98e3e0449dd3a203d144c5ce82a03eb419077a827cc0d744e6fd1bf81e8308b4983b20364625278d1c4ebda4b5bebb8a2cb3df6aa3dc7cc3e4e787b3271d3f1cb3d0847493de0326875c19b7fcc01cb2e7bdbea53b092826dc7962937d6591834bbf7fc180abc6cdb51134f09c565a2d94b8738e8edb7f3535df6c87082347fe649ab0e8e42fc6579e4c83b6cf39434f44d9eb66dc93ccffbf2688b83795af7e591747c26b2d28c026fc65f97539d29aab3a67d55b415d1cdd227c6a240d1480aa0a20bcb6340efaceb3f0d694ac8be94804d766e79a47a71d7241aa8209adc6c5bca84c7f122e185e55178f345c2a3099128a95778732ebc4ee19e95f586f0b63c220477e5428cc313e175e692d34952609c92d0746753583e53e111e29af6d5a7dd01bd91b61549da8664e6f6279e5dc235574ff7b6971eefb4be1f151bef968b78d6b9e64f9beb7109667bb6222a85ea499d1624bb2dec9148149a89c1950cd5ebe711c7c86c0f652fac8805944281b298b8c5a74e4aae88779aaab30276d8591690b5cef24824ca3d6ef91134ddf62df82dfe37109f1b3d09e4c4fe8289d7b50ff8e3728fbf6a8f22b38f13de9e4cdc74fcf285d87930d1835a06e79700d8bd10fbe509e01efbf5064be0ae375c3fd18ebe2c277b77eec2b0657d7614f50b71e427dbf4de4509f6e2048ec819f6d8bb7090e790561596cee36b9a32de6199a7d4fe2c43eb17e2c853b6f1662e8438812792da3df6e1fe1a95e46fb89dd9e49753ad294a5cd3be2adc8af00c111e8a7db260bf130dcb6340b34f566e9f28e53957523bfabadca4c22b109d5b9fd5b086f08cce8bcb45c28b1c8589024705e1a5c5b79a10fbc233b9f03a857b56da1bc2333a2f30c55c9a24a6af3d2546e2c2449138c836aed28a9349eb1cd0be124daec44a8241438971e2883fe0ceb6a781915b9c0c7567e3c5111932655feee76e6b732046347c926588b1b759610568bb7dce81b014b75d3d3f90ba7ad53de2ac6da9737f0ce4bc80b8d898710c884b077e24d070e00598971cf891b0a4ebff5d6e77e052fee5b0a5c7be22459613bb3b3fdbaf9e34b99d5bf95bfcff7bfcff002a4bc2380a656e6473747265616d0a656e646f626a0a31322030206f626a0a285044464b6974290a656e646f626a0a31332030206f626a0a285044464b6974290a656e646f626a0a31342030206f626a0a3c3c0a3e3e0a656e646f626a0a31312030206f626a0a3c3c0a2f50726f6475636572203132203020520a2f43726561746f72203133203020520a2f4372656174696f6e44617465203134203020520a3e3e0a656e646f626a0a31302030206f626a0a3c3c0a2f54797065202f466f6e740a2f42617365466f6e74202f48656c7665746963610a2f53756274797065202f54797065310a2f456e636f64696e67202f57696e416e7369456e636f64696e670a3e3e0a656e646f626a0a342030206f626a0a3c3c0a3e3e0a656e646f626a0a332030206f626a0a3c3c0a2f54797065202f436174616c6f670a2f50616765732031203020520a2f4e616d65732032203020520a3e3e0a656e646f626a0a312030206f626a0a3c3c0a2f54797065202f50616765730a2f436f756e7420310a2f4b696473205b37203020525d0a3e3e0a656e646f626a0a322030206f626a0a3c3c0a2f4465737473203c3c0a20202f4e616d6573205b0a5d0a3e3e0a3e3e0a656e646f626a0a787265660a302031350a303030303030303030302036353533352066200a30303030303032313331203030303030206e200a30303030303032313838203030303030206e200a30303030303032303639203030303030206e200a30303030303032303438203030303030206e200a30303030303030333432203030303030206e200a30303030303030323133203030303030206e200a30303030303030313033203030303030206e200a30303030303030303135203030303030206e200a30303030303030303539203030303030206e200a30303030303031393530203030303030206e200a30303030303031383734203030303030206e200a30303030303031383032203030303030206e200a30303030303031383237203030303030206e200a30303030303031383532203030303030206e200a747261696c65720a3c3c0a2f53697a652031350a2f526f6f742033203020520a2f496e666f203131203020520a3e3e0a7374617274787265660a323233350a2525454f460a"`;

exports[`table > should render and override font sizes correctly 1`] = `"255044462d312e330a25ffffffff0a382030206f626a0a3c3c0a2f54797065202f4578744753746174650a2f434120310a3e3e0a656e646f626a0a392030206f626a0a3c3c0a2f54797065202f4578744753746174650a2f636120310a3e3e0a656e646f626a0a372030206f626a0a3c3c0a2f54797065202f506167650a2f506172656e742031203020520a2f4d65646961426f78205b302030203834312e3839203539352e32385d0a2f436f6e74656e74732035203020520a2f5265736f75726365732036203020520a3e3e0a656e646f626a0a362030206f626a0a3c3c0a2f50726f63536574205b2f504446202f54657874202f496d61676542202f496d61676543202f496d616765495d0a2f457874475374617465203c3c0a2f4773312038203020520a2f4773322039203020520a3e3e0a2f466f6e74203c3c0a2f4631203130203020520a3e3e0a3e3e0a656e646f626a0a352030206f626a0a3c3c0a2f4c656e677468203533330a2f46696c746572202f466c6174654465636f64650a3e3e0a73747265616d0a789ced96df6bdb3010c7dff557dc3f30552759271b421edaad853e0cb6f8adf4c96b464b5d1881f5df9f644b8eac25f595040a63e407b1723fbef7399d6c04e55f9fd07fd9c64a5d43d70ba7c1bf7b615425c9bcfdfb545b6b9cd414ffa746d6cd415b545a2a4b7b87fd42f4ca163e2ecdddbd07f9432878f29f5b7171b343f8b90ba6c1cf4e7e282d3c8b8bcf0fbf1fbb87ef379770b5116a68c5e6eaab4078159b296eb09d090c61969c07af28cf4a1ce42d271c2cb30a439074b9e49d133e82a1a8a19f95c88d3fe2c8dac3c1111261b6151c718044cb3d9018868b24df6847901475f4b332b9f14724d906e520b1862206efea94340d0749b4cce78472468bfec7e6ed8dc9315a12c6614585ec860ff171bed55230d6fce48db7ef697c32f7c970543e848b97cc9dbec8a628a92f8b66e7c1f9dee3322aa6a12fe7853b5e13a51490c9e9af137961c6264e45e1ec3c89535a60722a46a42f87883b7313a71490cbe9c08d2af3e876d163d7bd04663a30fb25f0d093c1651bd711d01aa91c82f5559041687dd06b04ada1dd8abb95d3b45d7b235839b70652b0d29d56461bbd06750fedadf8d28a6fb3bbc6e99a4cedb554ce6b4249aa9934d1a8890c6da98b3a68a6233faa4fd741584b634e6573f4ac3c47f3fca42982ca19691b9704621d055684e4c5682f8d3ab2a3d841249afa5003cf292e75b10aa7a635efefe239c51036d2d03948fdfb4fbfffd32ca4f9033679d21b0a656e6473747265616d0a656e646f626a0a31322030206f626a0a285044464b6974290a656e646f626a0a31332030206f626a0a285044464b6974290a656e646f626a0a31342030206f626a0a3c3c0a3e3e0a656e646f626a0a31312030206f626a0a3c3c0a2f50726f6475636572203132203020520a2f43726561746f72203133203020520a2f4372656174696f6e44617465203134203020520a3e3e0a656e646f626a0a31302030206f626a0a3c3c0a2f54797065202f466f6e740a2f42617365466f6e74202f48656c7665746963610a2f53756274797065202f54797065310a2f456e636f64696e67202f57696e416e7369456e636f64696e670a3e3e0a656e646f626a0a342030206f626a0a3c3c0a3e3e0a656e646f626a0a332030206f626a0a3c3c0a2f54797065202f436174616c6f670a2f50616765732031203020520a2f4e616d65732032203020520a3e3e0a656e646f626a0a312030206f626a0a3c3c0a2f54797065202f50616765730a2f436f756e7420310a2f4b696473205b37203020525d0a3e3e0a656e646f626a0a322030206f626a0a3c3c0a2f4465737473203c3c0a20202f4e616d6573205b0a5d0a3e3e0a3e3e0a656e646f626a0a787265660a302031350a303030303030303030302036353533352066200a30303030303031323736203030303030206e200a30303030303031333333203030303030206e200a30303030303031323134203030303030206e200a30303030303031313933203030303030206e200a30303030303030333432203030303030206e200a30303030303030323133203030303030206e200a30303030303030313033203030303030206e200a30303030303030303135203030303030206e200a30303030303030303539203030303030206e200a30303030303031303935203030303030206e200a30303030303031303139203030303030206e200a30303030303030393437203030303030206e200a30303030303030393732203030303030206e200a30303030303030393937203030303030206e200a747261696c65720a3c3c0a2f53697a652031350a2f526f6f742033203020520a2f496e666f203131203020520a3e3e0a7374617274787265660a313338300a2525454f460a"`;

exports[`table > should render and override paddings correctly 1`] = `"255044462d312e330a25ffffffff0a382030206f626a0a3c3c0a2f54797065202f4578744753746174650a2f434120310a3e3e0a656e646f626a0a392030206f626a0a3c3c0a2f54797065202f4578744753746174650a2f636120310a3e3e0a656e646f626a0a372030206f626a0a3c3c0a2f54797065202f506167650a2f506172656e742031203020520a2f4d65646961426f78205b302030203834312e3839203539352e32385d0a2f436f6e74656e74732035203020520a2f5265736f75726365732036203020520a3e3e0a656e646f626a0a362030206f626a0a3c3c0a2f50726f63536574205b2f504446202f54657874202f496d61676542202f496d61676543202f496d616765495d0a2f457874475374617465203c3c0a2f4773312038203020520a2f4773322039203020520a3e3e0a2f466f6e74203c3c0a2f4631203130203020520a3e3e0a3e3e0a656e646f626a0a352030206f626a0a3c3c0a2f4c656e677468203935360a2f46696c746572202f466c6174654465636f64650a3e3e0a73747265616d0a789ced574d6bdc3010bdfb57e80f54b1461f63c3b287a46d2087429bbd859c9ca4b4d485b2d0fefd4ab66c4b5a7b3dc60e2c6d485322a39979f334f3a4112cb73fef84fd4f979a43c1aa3a4360f65f9d81325c21e8a5abd7b15790f352f98503ab047606a6e44539612c20b46e57bd79bbf4f67e7181d11f1eed013d6539fb6e7fefb2abdba3605f8f6eb3b5e2dadb09fbd78feceafdf3ef6fd5f397db6b76739fe5cd01dfdf7cca04fb93dd077e45631702259837563dc0d203a4042d07361a27eecf39bb88f4090e9204ea24437288968ee0a04864ea9e03672bb8522442baad2d1fbd1b0a2771ed4d9012a751c759d223b49c84e54a6454859d527ab494b8e5d0169d1f0a29610b4e5092645127695223b4940c2d4be253f51c5853ccb92c297cf89d9d66a8819c59cb71153aa322d8ab88804532d26e0f43215947baea37f4ea1f36e3a024a4860b0578564a1052715ca2251d27fd9a4449a4027524116439c1584e884d17dc45737a8290c8e42241e988193e90980995a08e6582ae2918690aa5fdc26b7956541052ad5ca02a1d2fdd92c44aa40875a8165461c15858289c8cbe4e029beae86d8ed54fc71238967e6562ec99797df0df052b80e95c7121846607ebf0a36042b0c34bf6b043655e3087dc54461b836acff24776b8cb3e1cb2cff103613d0c69f52497388b05616fbd68b633a5415324a0e21b7a3d2a25db24556178017882ca8045a51c36f334c153783fae0784b9e0860ce83c591357d52625a5f48a92da0a47575373608835b515acbea8e4daa2da0a515f5524440babea0266b8b7e8ff417451288ec2d885b47788918b3ebcaebd96c8c184db3df6b3f6a0912b0983fdf0c1db071f2e3afef4f4e33c94a107b006734fa1c03fa4809d33da0414c0d55c0c70e7a337db83dc9dbb6e39fb744c8f62829b24a53a4d7a411c086b80ca910b27d21a424366c96f1f58f20ea93c9d54e8d41810a755a7892f8803616b5079d2f6cac4a8b5fc0b9fc893df1ef69a0989238c05671a77baf1a47d841855b48d07da908ba2f16fe2a2ec9c911a2f2c09bda424fc76174cb4c89dbb6e496c88596e9294ea3469721c13172495a3a44feab493888d37b0e41d52793a91f6f38d37f094244e8ed3f1e43f50794afaa44e3b89d878034fde2199a7b337defa3779697bb41016a23e9d5bec737ccfdc0b1c71cf4cce7650412e41e6f1e0925e351b4c54b26d0e1c0766a49d10aa068c4cc09ce8f97a305ab715b88ea5f302bac9302c45c10d9663f3a7307698028bcd8d792dda06a5183fcb2d81f9b384721cdcfc596e0946abf62cd73375d92fe1b7f8ff7afcbff68eb6ba0a656e6473747265616d0a656e646f626a0a31322030206f626a0a285044464b6974290a656e646f626a0a31332030206f626a0a285044464b6974290a656e646f626a0a31342030206f626a0a3c3c0a3e3e0a656e646f626a0a31312030206f626a0a3c3c0a2f50726f6475636572203132203020520a2f43726561746f72203133203020520a2f4372656174696f6e44617465203134203020520a3e3e0a656e646f626a0a31302030206f626a0a3c3c0a2f54797065202f466f6e740a2f42617365466f6e74202f48656c7665746963610a2f53756274797065202f54797065310a2f456e636f64696e67202f57696e416e7369456e636f64696e670a3e3e0a656e646f626a0a342030206f626a0a3c3c0a3e3e0a656e646f626a0a332030206f626a0a3c3c0a2f54797065202f436174616c6f670a2f50616765732031203020520a2f4e616d65732032203020520a3e3e0a656e646f626a0a312030206f626a0a3c3c0a2f54797065202f50616765730a2f436f756e7420310a2f4b696473205b37203020525d0a3e3e0a656e646f626a0a322030206f626a0a3c3c0a2f4465737473203c3c0a20202f4e616d6573205b0a5d0a3e3e0a3e3e0a656e646f626a0a787265660a302031350a303030303030303030302036353533352066200a30303030303031363939203030303030206e200a30303030303031373536203030303030206e200a30303030303031363337203030303030206e200a30303030303031363136203030303030206e200a30303030303030333432203030303030206e200a30303030303030323133203030303030206e200a30303030303030313033203030303030206e200a30303030303030303135203030303030206e200a30303030303030303539203030303030206e200a30303030303031353138203030303030206e200a30303030303031343432203030303030206e200a30303030303031333730203030303030206e200a30303030303031333935203030303030206e200a30303030303031343230203030303030206e200a747261696c65720a3c3c0a2f53697a652031350a2f526f6f742033203020520a2f496e666f203131203020520a3e3e0a7374617274787265660a313830330a2525454f460a"`;

exports[`table > should render and override text alignment correctly 1`] = `"255044462d312e330a25ffffffff0a382030206f626a0a3c3c0a2f54797065202f4578744753746174650a2f434120310a3e3e0a656e646f626a0a392030206f626a0a3c3c0a2f54797065202f4578744753746174650a2f636120310a3e3e0a656e646f626a0a372030206f626a0a3c3c0a2f54797065202f506167650a2f506172656e742031203020520a2f4d65646961426f78205b302030203834312e3839203539352e32385d0a2f436f6e74656e74732035203020520a2f5265736f75726365732036203020520a3e3e0a656e646f626a0a362030206f626a0a3c3c0a2f50726f63536574205b2f504446202f54657874202f496d61676542202f496d61676543202f496d616765495d0a2f457874475374617465203c3c0a2f4773312038203020520a2f4773322039203020520a3e3e0a2f466f6e74203c3c0a2f4631203130203020520a3e3e0a3e3e0a656e646f626a0a352030206f626a0a3c3c0a2f4c656e67746820313030330a2f46696c746572202f466c6174654465636f64650a3e3e0a73747265616d0a789ced58db4edc30107dcf57f80730193bbe4442fb006d9178a8d4b26f880714a06ad554aa566a7fbfcec65e8f9d6c321129850a71d126cc8ccf9c99637b0056baaf1370bf54adb8b0ac690b2398fb6e0b59565ccbe9cfcf69aba4e142fbbfeb9adb7ad4160432ee1fbcb57fc8cc716cc0c1e11520b9b975a5bb2f4af6cdfd5c15a7973b605f769da95b822bef05eed3f7e2f4ddc3afafcdc3e7cb7376715d94fbd25f5f7c2c80fd2eae0f5161ef153320b8ee7d3c34c5610f6d7eb9bda527a20bd07d9cf3c2c41f493d41de266951a3f714c4ba11d903d41d465348f0963d093e048506dc73476848d0b7496ad4e83d0db163490c6a9fba733425973585066f19e4a20327b37e63729b5084392802c40249f4c658a6544d84c22a6a6183a989aa20b6d1618799918511a9be17e822f0107728ba30e25648ac6d3035581a945ec21bec8c368c4885be401c818bb841d3d5e1f7bcd8f4547d18ac0f0a1763e7cb717d887862c0922303d23343d0cf0cc0870625236f2ae2a921e8a7c664fe09f8364d8d1c3fd1078d07d4da2d6e7aa23e043e3a285c24378a697d88f4eca07171889fe883c6056aed16373d511f029f1f242e462e54c8a3d9798f5df3a3e34674dcfc2c60ecce7cbef5efa10ba3c0d50340b1ad0bf8011800db3e163767a6d28fa614a56eb4d2da541b56deb2ed55f17e5b7c4aee364f47216bcd2babd53c16e9b03cb827654482075f32d660a5e6b59da7a60371e2fe7ca66b6db4cd381a3df157295955295ee97a800bd3335db8b5c0486bb9ad0c15d14cf956a3c8d5cd9492886a5915d7139e349a5b6186e884ebaeaaeb317d3f53c5b5f4670d9760a988e6aab81645005c578a886a51155fd860fc86e40dc9081221dd36061add5617bcf8bbfee1d615cdfddd69dadfe6fe36f7b7af63fd89c1c4baad0c47e81e88c34930478015c9bf9f2e10dc7ef2f02fa8834acc7d1fced2bc07a598195a0efc64492f5847a435a47114e68ea4878c26b314cc2d6e0a441b71d898e5294babcd135fb08e485b9bc6539849a292fcc442e4299823ad694c1c61d09910ee71e1498985679709cf66c20bc168c2b3b9f088a97a732913e1c9050d99ec61d3c28bfc64492f582769482a47994eda5c4944e14999098fcad3606b9f165ee4294b7cc13a89f0a83c653a69732511852765263c324f9327de3a238f0207510d076a7795dfb0eef66ecc86e9929d89c60d1a56de6d98ea9e0e6350f7dee8f8be1fc5c786a335a15752f2523a691ef987801b891e7593631e8c2439783cc18c4d526ba610bafb392a30bd853f3d1710969bbaee765ec18d9263ffa001edd8170e6187bbcf6c905132c82a9f7352a063a3ee60ef5dafc7847ede1e5b31055557bc54ffb22e2f7b6a785bff7f5fff0ffe804f870a656e6473747265616d0a656e646f626a0a31322030206f626a0a285044464b6974290a656e646f626a0a31332030206f626a0a285044464b6974290a656e646f626a0a31342030206f626a0a3c3c0a3e3e0a656e646f626a0a31312030206f626a0a3c3c0a2f50726f6475636572203132203020520a2f43726561746f72203133203020520a2f4372656174696f6e44617465203134203020520a3e3e0a656e646f626a0a31302030206f626a0a3c3c0a2f54797065202f466f6e740a2f42617365466f6e74202f48656c7665746963610a2f53756274797065202f54797065310a2f456e636f64696e67202f57696e416e7369456e636f64696e670a3e3e0a656e646f626a0a342030206f626a0a3c3c0a3e3e0a656e646f626a0a332030206f626a0a3c3c0a2f54797065202f436174616c6f670a2f50616765732031203020520a2f4e616d65732032203020520a3e3e0a656e646f626a0a312030206f626a0a3c3c0a2f54797065202f50616765730a2f436f756e7420310a2f4b696473205b37203020525d0a3e3e0a656e646f626a0a322030206f626a0a3c3c0a2f4465737473203c3c0a20202f4e616d6573205b0a5d0a3e3e0a3e3e0a656e646f626a0a787265660a302031350a303030303030303030302036353533352066200a30303030303031373437203030303030206e200a30303030303031383034203030303030206e200a30303030303031363835203030303030206e200a30303030303031363634203030303030206e200a30303030303030333432203030303030206e200a30303030303030323133203030303030206e200a30303030303030313033203030303030206e200a30303030303030303135203030303030206e200a30303030303030303539203030303030206e200a30303030303031353636203030303030206e200a30303030303031343930203030303030206e200a30303030303031343138203030303030206e200a30303030303031343433203030303030206e200a30303030303031343638203030303030206e200a747261696c65720a3c3c0a2f53697a652031350a2f526f6f742033203020520a2f496e666f203131203020520a3e3e0a7374617274787265660a313835310a2525454f460a"`;

exports[`table > should render and override text colors correctly 1`] = `"255044462d312e330a25ffffffff0a382030206f626a0a3c3c0a2f54797065202f4578744753746174650a2f434120310a3e3e0a656e646f626a0a392030206f626a0a3c3c0a2f54797065202f4578744753746174650a2f636120310a3e3e0a656e646f626a0a372030206f626a0a3c3c0a2f54797065202f506167650a2f506172656e742031203020520a2f4d65646961426f78205b302030203834312e3839203539352e32385d0a2f436f6e74656e74732035203020520a2f5265736f75726365732036203020520a3e3e0a656e646f626a0a362030206f626a0a3c3c0a2f50726f63536574205b2f504446202f54657874202f496d61676542202f496d61676543202f496d616765495d0a2f457874475374617465203c3c0a2f4773312038203020520a2f4773322039203020520a3e3e0a2f466f6e74203c3c0a2f4631203130203020520a3e3e0a3e3e0a656e646f626a0a352030206f626a0a3c3c0a2f4c656e677468203531340a2f46696c746572202f466c6174654465636f64650a3e3e0a73747265616d0a789ce556c14ee33010bdfb2be60730f6381e3752d503ec82c401099a1be294a50844565a55dafd7d2689ddd828218e5a7160dba6b59399f1f39b79e36a50fc3ed3fc654b2b710575231c027f1a615421c97c3e3ed6d61a2791fc732ae5aa1cb5d51819f7136fed275f1bfae19109fb2514bcf27523ceaff71a9ef7ad29fb48ebbd348fdec4f98fa7bf2ff5d3fdf5055c6e85ea08df5ede0a0dffc4f61055775e03a40cd7cec743b35277d0e697eb2cfdceda00ed70ce2b667262eb09f226d9566ef49e82211199ece928dd8e7248f0963d093e440e0d71114dd090a06f92ade546ef69184a308b41f25b6747a7a4297368f096a1fe297032eb37a69f4f14e10e8ad0b84012bdf1b08ccbd64448accd4d6c3075832a32cbe8d0326664e130d5f7025d041ec2348b87a8aa9bb8de73a5e16269e4d452dc3167b4e13015fa0271042ec2348b8ba8b49bb8e873f5e1627de470317260441ef59e3dda03775fff6eb9c1969b3f428f9dc41795bfaf41db952c4843c10f0b2a2d541cf58aef6ba876e261ed90761bb682b5731b20056bac51a131ca28e257fbbb01f508d58df85989bba4a97f84d72eb80c9e293915d3e8c8d08eea01514095208afbebf184111ae9f084848df6bd1467bff6d2c472f371ce42514c00e5b4136e001922d5647bd03dd800742abb63208f49ef04c425e93d156f844a16e6d4bc7d9fffa8ff75e87744e7b56e0a656e6473747265616d0a656e646f626a0a31322030206f626a0a285044464b6974290a656e646f626a0a31332030206f626a0a285044464b6974290a656e646f626a0a31342030206f626a0a3c3c0a3e3e0a656e646f626a0a31312030206f626a0a3c3c0a2f50726f6475636572203132203020520a2f43726561746f72203133203020520a2f4372656174696f6e44617465203134203020520a3e3e0a656e646f626a0a31302030206f626a0a3c3c0a2f54797065202f466f6e740a2f42617365466f6e74202f48656c7665746963610a2f53756274797065202f54797065310a2f456e636f64696e67202f57696e416e7369456e636f64696e670a3e3e0a656e646f626a0a342030206f626a0a3c3c0a3e3e0a656e646f626a0a332030206f626a0a3c3c0a2f54797065202f436174616c6f670a2f50616765732031203020520a2f4e616d65732032203020520a3e3e0a656e646f626a0a312030206f626a0a3c3c0a2f54797065202f50616765730a2f436f756e7420310a2f4b696473205b37203020525d0a3e3e0a656e646f626a0a322030206f626a0a3c3c0a2f4465737473203c3c0a20202f4e616d6573205b0a5d0a3e3e0a3e3e0a656e646f626a0a787265660a302031350a303030303030303030302036353533352066200a30303030303031323537203030303030206e200a30303030303031333134203030303030206e200a30303030303031313935203030303030206e200a30303030303031313734203030303030206e200a30303030303030333432203030303030206e200a30303030303030323133203030303030206e200a30303030303030313033203030303030206e200a30303030303030303135203030303030206e200a30303030303030303539203030303030206e200a30303030303031303736203030303030206e200a30303030303031303030203030303030206e200a30303030303030393238203030303030206e200a30303030303030393533203030303030206e200a30303030303030393738203030303030206e200a747261696c65720a3c3c0a2f53697a652031350a2f526f6f742033203020520a2f496e666f203131203020520a3e3e0a7374617274787265660a313336310a2525454f460a"`;

exports[`table > should render the header row on every page 1`] = `"255044462d312e330a25ffffffff0a31312030206f626a0a3c3c0a2f54797065202f4578744753746174650a2f434120310a3e3e0a656e646f626a0a31322030206f626a0a3c3c0a2f54797065202f4578744753746174650a2f636120310a3e3e0a656e646f626a0a372030206f626a0a3c3c0a2f54797065202f506167650a2f506172656e742031203020520a2f4d65646961426f78205b302030203834312e3839203539352e32385d0a2f436f6e74656e74732035203020520a2f5265736f75726365732036203020520a3e3e0a656e646f626a0a362030206f626a0a3c3c0a2f50726f63536574205b2f504446202f54657874202f496d61676542202f496d61676543202f496d616765495d0a2f457874475374617465203c3c0a2f477331203131203020520a2f477332203132203020520a3e3e0a2f466f6e74203c3c0a2f4631203133203020520a3e3e0a3e3e0a656e646f626a0a352030206f626a0a3c3c0a2f4c656e677468203435300a2f46696c746572202f466c6174654465636f64650a3e3e0a73747265616d0a789ced56c94ec33014bcfb2bfc03b879dee24888430b54ea01099a5bd55368118820a148f0fbd8cd62c76d1a5badca01d4d5cebcf1bcf1c42de0443fae40bf894c10aa7051a29462fdd49f32232a6bbe37739c2624e3e2c0e0b28863da142729480bb2630f48a58774263c28e7fe954b29682e1c17b05aeb1d7c46097ed3af059acc2bc02f95812abdab5d191081dfd1e476f3f55a6c9ee6533c5ba2641781e5ec0101fe46cb8ed6606d0335cb68ad29aac5a509613b71a33535d25a64389ad168ed90efc37e50e918a2f1216d39f475a9ddbe085f3a719c02e13cb8c916ee44c3d0b5c3c0fd1cb3c66fa9f4bb0e5f87f6031d6691598df76e9d5e2e0253643d6af9826d1abc3387b3a4f96d964c414c985abc7bc644a4c9ed14a23a6df1ce896208db61e03e8ffae37755ee751eb1522f52a13ef91128fd940486ca1ad532067b1573863b5445d55055c58731941a433f111cfab59ee6cd3c609e30a22813580027002070ae69ef0103e07c8b56d7524921417229527a839335ce17e82e478fc307e9e9a228cbb4675a148794a482ed8b62722b8bbe1cefcc3a5d85508a30a5e2540c1e09677485b25857ce29a3b32546464ca87ffd9fd1bf80bf25e0077d73aee90a656e6473747265616d0a656e646f626a0a31302030206f626a0a3c3c0a2f54797065202f506167650a2f506172656e742031203020520a2f4d65646961426f78205b302030203834312e3839203539352e32385d0a2f436f6e74656e74732038203020520a2f5265736f75726365732039203020520a3e3e0a656e646f626a0a392030206f626a0a3c3c0a2f50726f63536574205b2f504446202f54657874202f496d61676542202f496d61676543202f496d616765495d0a2f457874475374617465203c3c0a2f477331203131203020520a2f477332203132203020520a3e3e0a2f466f6e74203c3c0a2f4631203133203020520a3e3e0a3e3e0a656e646f626a0a382030206f626a0a3c3c0a2f4c656e677468203432380a2f46696c746572202f466c6174654465636f64650a3e3e0a73747265616d0a789ce556cb4ec33010bcfb2bf60770b37ec591108716a8d4031234b7aaa7b44520828422c1ef6337719cb84471d47240a84f3bbbe399f1382d42621e5768de642629d350942465609ee653655467cdf7664eb084664282163445e58bfc3828642aa8ec4cfc02e6666ba4ec4802afe6b522b36585f05c59046de4b5684825bc91d9edfef3a5d83f2de7b05893e4e8c57af14010bec8ba956f6b3da71a65b4d736d5c6a509e54713477bea4aafda6234a3d1de212b87fd60aa6388a98f91d581af5bfd8e4cf0a52527185221a245baf2cef65b38378cdccf316b424965a83a7e1dd6cf689c457635d13b0dbd5c44a6c87be4f0a26d1a3c6cc35932f83e4bb6614a985cbd5fd2c145a5a9ab14272975f542f4f2e48691fb3cea4fa8aa3c513e61a55ea4627d0a23508629890c9537ca21c67ad5b95a54cdd5aa78b71e31ebd107c19f7e89e679338f20124e35e312240a8a8812f292ccee1110213f90cdb5d24a2a5442c994dd40b2857c45ee72f2387c6f3c9f14e399b1c1901298d254f253525c1d54d1a713dc86ce6721b5a65ceb692c064ff9055d617caa2b97a4d1da3285c61ff99bf39f31bf01bd0f44c10a656e6473747265616d0a656e646f626a0a31352030206f626a0a285044464b6974290a656e646f626a0a31362030206f626a0a285044464b6974290a656e646f626a0a31372030206f626a0a3c3c0a3e3e0a656e646f626a0a31342030206f626a0a3c3c0a2f50726f6475636572203135203020520a2f43726561746f72203136203020520a2f4372656174696f6e44617465203137203020520a3e3e0a656e646f626a0a31332030206f626a0a3c3c0a2f54797065202f466f6e740a2f42617365466f6e74202f48656c7665746963610a2f53756274797065202f54797065310a2f456e636f64696e67202f57696e416e7369456e636f64696e670a3e3e0a656e646f626a0a342030206f626a0a3c3c0a3e3e0a656e646f626a0a332030206f626a0a3c3c0a2f54797065202f436174616c6f670a2f50616765732031203020520a2f4e616d65732032203020520a3e3e0a656e646f626a0a312030206f626a0a3c3c0a2f54797065202f50616765730a2f436f756e7420320a2f4b696473205b3720302052203130203020525d0a3e3e0a656e646f626a0a322030206f626a0a3c3c0a2f4465737473203c3c0a20202f4e616d6573205b0a5d0a3e3e0a3e3e0a656e646f626a0a787265660a302031380a303030303030303030302036353533352066200a30303030303031393339203030303030206e200a30303030303032303033203030303030206e200a30303030303031383737203030303030206e200a30303030303031383536203030303030206e200a30303030303030333436203030303030206e200a30303030303030323135203030303030206e200a30303030303030313035203030303030206e200a30303030303031313130203030303030206e200a30303030303030393739203030303030206e200a30303030303030383638203030303030206e200a30303030303030303135203030303030206e200a30303030303030303630203030303030206e200a30303030303031373538203030303030206e200a30303030303031363832203030303030206e200a30303030303031363130203030303030206e200a30303030303031363335203030303030206e200a30303030303031363630203030303030206e200a747261696c65720a3c3c0a2f53697a652031380a2f526f6f742033203020520a2f496e666f203134203020520a3e3e0a7374617274787265660a323035300a2525454f460a"`;
