// Vitest Snapshot v1

exports[`Multiple pages > Page overflow 1`] = `
[
  "iVBORw0KGgoAAAANSUhEUgAAAHcAAACoCAYAAADaUXFwAAAABmJLR0QA/wD/AP+gvaeTAAAB9klEQVR4nO3VsWmCUQCF0WdI5RguIdZ2zuosYinYir2FhYW8LBHzw5dzJrjwFXc155yDpK+lB/A54oaJGyZumLhh4oaJGyZumLhh4oaJGyZumLhh4oaJGyZumLhh4oaJGyZumLhh4oaJGyZumLhh4oaJGyZumLhh4oaJGyZumLhh4oaJGyZumLhh4oaJGyZumLhh4oaJGyZumLhh4oaJGyZumLhh4oaJGyZumLhh4oaJGyZumLhh4oaJGyZumLhh4oaJGyZumLhh4oaJGyZumLhh4oaJGyZumLhh4oaJGyZumLhh4oaJGyZumLhh4oaJGyZumLhh4oaJGyZumLhh4oaJGyZumLhh4oaJGyZumLhh4oaJGyZumLhh4oaJGyZumLhh4oaJGyZumLhh4oaJGyZumLhh4oaJGyZumLhh4oaJGyZumLhh4oaJGyZumLhh4oaJGyZumLhh4oaJGyZumLhh4oaJGyZumLhh4oaJGyZumLhh4oaJGyZumLhh4oaJGyZumLhh4oaJGyZumLhh4oaJGyZumLhh30sP+Cun02nc7/fxfD7HZrMZ7/d7XK/XcTgcxvl8Hvv9fumJv+7fxL3dbmO9Xo/j8Ti22+14PB7jcrmM3W43Xq/X0vM+YjXnnEuP4DN8bpi4YeKGiRsmbpi4YeKG/QApVymvjWtjxQAAAABJRU5ErkJggg==",
  "iVBORw0KGgoAAAANSUhEUgAAAHcAAACoCAYAAADaUXFwAAAABmJLR0QA/wD/AP+gvaeTAAAX10lEQVR4nO2ce3BUZ92An71vNntJspvLksuGJCQkIZACgXCpJTBCGVqYcrGDYoV2KIq0U9QWRZRWnRZnrCNg66BlRBFlsBaqtIDc2jET7oFQCmFpEhJyI2GT3Wz2lr2c7w8/zsdFLZcE4vnOM8MsZ7LnPe97nv3t+b2/855VCIIgICNJlA+7AzIDhyxXwshyJYwsV8LIciWMLFfCyHIljCxXwshyJYwsV8LIciWMLFfCyHIljCxXwshyJYwsV8LIciWMLFfCyHIljCxXwshyJYwsV8LIciWMLFfCyHIljCxXwshyJYwsV8LIciWMLFfCyHIljCxXwshyJYwsV8LIciWMLFfCyHIljCxXwshyJYwsV8LIciWMLFfCyHIljCxXwshyJYwsV8LIciWMLFfCyHIljCxXwshyJYwsV8LIciWMLFfCyHIljCxXwshyJYwsV8LIciWMLFfCyHIljCxXwshyJYwsV8LIciWMLFfCyHIljCxXwshyJYwsV8LIciWMLFfCyHIljCxXwshyJYwsV8LIciWMLFfCyHIljCxXwshyJYwsV8LIciWMLFfCyHIljCxXwshyJYwsV8LIciWMLFfCyHIljCxXwshyJYwsV8LIciWMLFfCyHIljCxXwshyJYwsV8LIciWMLFfCyHIljCxXwshyJYwsV8LIciWMevPmzQwdOpSGhoaH+nrhwgVSU1PxeDwD0v7JkyeJRCKYTCaKi4sf+ngfxKu6pKQEq9WK0Wh8qK/Xrl3D7XYzcuTIAWnf6/UyZMgQvF4vDofjoY/3QbwqBEEQHvbXB8Dp06e5cOECX/7ylx92VyTDTdfcPXv20NvbK277fD46Ozv/YwOtra0AdHR03FdH4uLisFgs4vahQ4e4evWq2L7T6RSP097efl/H+v+C+saNyspKrl27xtGjRykoKCAYDJKUlERzczNZWVlUV1eTn5+PTqcjHA5jtVrZv38/o0aNQqFQIAgC48ePp7y8/K47EggE8Hg84vbly5fp7u7m9OnT5OTkUFtbi8PhIBqN4nA4mDNnzv2P/hY2bdrEmDFjCIVCBINBiouL6e7upra2FrVajVarJRQKkZmZSXx8PD6fj0AgwMSJE/u9L/3BTXKnTp3K0KFDmThxIp988gklJSXEYjGCwSCpqam43W6mTZuGVqtFrVYTDAYpKytDEATUajUGgwG1Wv3vjvUfCQQCN+07dOhQEhMTGTZsGHa7nS984QuEw2H0ej0mk+n+Rv1vKCgoIBqNiuPzer0kJSURFxeHIAhiwud2u0lNTaWlpQWj0TggfekPBs019+OPP2bPnj2sW7fuofXhxIkTxMfHo9Vq6evrw+VykZOTQ0dHB1qtlkgkgtfrZezYsbS2thIOh/H5fMRiMex2Ox0dHahUKsLhMH6/n7y8PJqbm9FqtYTDYcxmM1arla6uLoYNGzbg47m3MBsABEEgNzf3ofbB5/Ph9XrF/7e2tpKWlkZbWxtWq5Xk5GTOnDnD5MmTiUQi9PX14fF46OrqwmKx0Nraik6nIxqNcvnyZWw2Gy0tLUQiEcxmM2azmUAgQDAYfCDjEeV6vV4OHDiAyWRCrVZjtVpxuVz09vYSCoVISEggKyuL+vp6Ro0aRVpaWr92xGKxEB8f369t3i02mw273Y7ZbCYUCtHW1kZGRgYOhwOXy4XP52PevHn09fXhdrvJysoiPz8fQRBQqVRkZ2fT3d2N1WolFovR3d1Nfn4+VqsVi8VCLBZDp9MxZMiQBzIeUW58fDxjx45Fo9EQiUSwWCxYrVYUCgWRSASVSoXFYsFkMmEymQiHwyiV/5dsR6NRAJRKJQqFAoVCQTQaRaPR3FFHbs2WHwYtLS20tLRw5swZUlNTAUhMTCQYDJKbm4tWq+Xw4cO0t7cTFxfHpUuXaGxsxGg0isJSUlIIh8PU1dWh0Wiw2WwcPXoUr9dLfn4+TU1NlJWVMXr06AEfjyg3HA5TW1tLW1sbFouFrq4uSkpKuHDhAoWFhdTX14vXiaqqKpRKJZmZmZw/fx6NRkMgEMDhcNDQ0IDRaCQ/P59gMIjD4bijT+qN2XIsFuONN95Aq9USjUZZvHgxdXV1HD9+nJUrV3LixAmcTidTpkzB6XSK0zeDwcCxY8cYO3asmACVlpby0UcfUV5ezq9+9Su+9rWvsWnTJtRqNeFwmG9961vo9XoAcnNzycrKYsaMGYTDYVwuF6mpqSgUCuCf07Drl47P+5aZNm3a3brod0S5Op2OjIwMJk+eDPzzU5yZmUlJSQlNTU08/vjjRKNRPB4P2dnZaLVaVCoVw4cPR6lUEovF8Hq9ZGRkkJmZiSAIYtZ5J9wYubFYjHA4TFNTE8XFxRw+fBiz2UxlZSVz587F5XJhs9l48sknSUxMpKamhqFDh7J9+3YaGxs5fPgw06dP5+LFixiNRtra2jh06BBVVVU8+eSTaLVanE4nWVlZBINBUW5HR4cYjcnJyXi9XrKysnC73ZSWllJVVUVPTw+xWIzCwkLa2trQarUoFAoWLFjQ327uG/HM9/X14ff7OXToEAqFgkAgQENDA9nZ2Xi9XpqamnC73VgsFtrb20lKSiIajZKdnS0mH3FxcUQiEWpqatBoNPT29rJo0aI76sit89xwOMzZs2fJysoCYMuWLcydO5czZ84QCoVob2/ntddew+PxoNfr2b9/P+vWrWPhwoXs2bOHMWPGUFxczLZt2zCbzTQ3N1NaWgqA3+/n7Nmz4lfvdbKzs7FYLHR3d6PRaIiLi6O9vZ0JEyagVCqZN28e7e3t6PV6rFYr3d3deDweDAbDfYsYCES5CoUCvV5PYWEhSqWS5uZmHA4HOp2OYDBIWloaSUlJmM1mCgoK0Gq1t52c++HGyFUqlfj9fubOnYvb7SY9PZ2kpCQ0Gg179uzBbrej1+vZtWsXSqWS0tJSRowYgVarZceOHeTn5+N0OvF4PMRiMYxGI2q1mtbWVurq6sS2r169elNO4HQ6cblcaDQaOjs7mT59Op2dnVy5cgWXy0ViYiJtbW0UFBRw9uxZ7HY78fHxHDlyBIvFwvTp0/vtfPQHolyVSoVCocDv9xOLxVCpVLjdbrHYrtPpCIVCaDQaurq6iIuL61e5N0auQqGgpKSEiRMncurUKYLBIBUVFaSnpzNx4kQxaausrOSZZ55h27ZtHD9+nNLSUtLS0ohGoxQXF/Puu+9SXl4utnHt2jUuXbrEtWvXSEhIYOTIkTfJLS0t5dKlS5jNZqZOnYpWq8Xn84lRqlQqGTZsGJFIRIzy6wnS9SnUYEJMd5VKJX19fXi9Xtra2oiPjycQCOB0OtHpdDQ2NmIymTCbzfT19dHT00NtbW2/deTWa67T6WTOnDk0NjZy8eJF3G43W7duZeHChZw/fx6DwYBer8dmsxGNRtm4cSMrVqzAbrdjsVjYunUrzz//PBaLhYqKCkKhEI888gh9fX0sWLCArKwsurq6iMViYh8SEhIoKyujoKAAo9GIVqtl+PDhJCcnk5+fT15eHtnZ2eTl5ZGamoperyc/P5/s7GxKSkr67Vz0FzdlO0OGDCEYDFJUVIRGo6Gjo4O4uDiCwSBWqxWtVktCQgKxWAyDwYDf7++3jtwYuSqVCpvNxne/+13KysrYsmULRUVFqNVqXnjhBX7xi19w6tQpDAYDfX195OXlce3aNQRBYPLkyZw7d46nn36at956i+HDh+N0OnniiSfESpMgCEQiEcrLy8VMWIoMmvJjbW0tdXV1zJo1CwC3281LL73EY489xrFjx8SMOD09HbVaTUdHB88//zwjR47kzTffpKWlhbKyMmpra2lvb8dsNvPNb36T3bt3M2zYMLZv38748eNRq9XExcVx5coVlixZQmZmJiqVilgsxu7du0lOTsbn8xEMBsnJyUGv1/PZZ5/hcDgIhUK4XC7y8/M5fvw4NpsNk8lEKBQiPj6epqYm0tPTuXr1Kna7XZzr9/b2iknZg2TQLLO5MXIFQaC+vp66ujoMBgMLFixg7dq1DBs2jLa2NtLS0qiurmbNmjX8/e9/p7i4mOrqak6ePElSUhIzZsygrKyM7du3c+LECd555x2mTJmCSqXC7/djsVgYMWIE69evF0uBgUBAnCHo9XpxuqRWq4nFYly+fFmsD19f0eHz+Whvb6evr4+GhgZsNhudnZ3o9Xq6urpobW3lypUrYmJ3N/h8Pnp7e8Xi0L0waGrLN15zBUHg8OHDjBkzhn/84x8sXLiQuro6cYWBRqNhxYoVbNq0CbvdTn19PUuWLOE3v/kNPp+Prq4uGhsbeeWVVzAajQiCQCwWo6enh5aWFrxeL06nk9bWVvGkr1y5kt///vcsW7bstgUD16djN+JwOAb0fOTm5tLZ2cnBgweZMmXKPbUhRm4kEqGjo4NAIEB3d7f4hhs/2S6Xi0AgIP6ts7Pzpu1oNEokErmnjtw6z92xYwfNzc00NDTw1a9+lT/+8Y9iYePUqVP8/Oc/Z+nSpVRVVeHxeIhEIrz44ovMmDGD9PR0Nm7cyPnz5/nLX/5CWloaRUVF9Pb20tjYSEVFBZFIBK1We1O2vGHDBtavX39P/e9v2tvbefTRR++rDTFye3p6OHDgACqVimg0ilKppLCwkEuXLqHRaMQs+erVq+j1elQqFXFxcXR3d5OYmIjX6yUuLo6RI0eSnZ39uQe+XjRRqVSYTKbb5rmzZ88WhS5evJgjR47wwx/+kG9/+9t4vV5WrVpFQkICDoeD4cOH4/V6EQQBs9nMhg0bePvtt+nr68NgMODz+ejo6MBqtTJhwgSmTZtGamoqW7duFfvz4x//WKxUDRa2bt2KzWa75/1FuV//+tf54IMPePnll3n11VfFN4waNeq+Ovjv2LFjB8uXL2fo0KHU1NTcds0tLi7GbDYD/0y2Fi9ejMlkYsaMGWzYsAGr1cqJEyc4c+YMra2t7Ny5k/j4eMaPH09paSmjRo1i165dGI1GkpOTaWxspKuri/feew9BEPB6vaSmpopJTn/O2fuLzMzM+9r/pmvub3/7W770pS/dV4N3yqJFiygpKeGZZ54Bbr/mnj17llmzZpGamkpvby+rV69m8eLFRCIR9u7di9/vJxqNMmfOHBQKBRUVFej1ehQKBXv37hVXhkSjUc6dO0dycjLl5eUkJCRgt9s5evSoOH2SKqLcjRs3PvD7qYWFhezevRu4/ZpbVlbG8ePH2b9/P5FIBKPRiNfrZe3atYwdO5axY8eybds2srOzSU9P5+OPP0apVLJgwQIuX76M2+3mwoULXLlyhdmzZ4u5Q1VVFVlZWQwbNozExMQHOt4HzaCc50YiEXJzc3n99dcJBAJcvnwZvV5PT08PCQkJaDQaotEoM2fOFL9tOjs7SUlJISUlBbfbzTvvvIPBYGD48OE4HA58Ph/x8fHs27eP/Px8Dh06xLhx41ixYgU6ne5hD39AGDRToRsjV6lU8sILL6DRaLh06RJKpRKtVovJZOLq1aucO3eON998k927d5OYmMi7776LIAgkJydjMpnIzc0lIyODlpYWfv3rX7Nr1y7WrFnDtWvXKC8vJzMzk8LCQo4fP04wGJTlDjS3rsRoaGjgww8/JDk5mZ/85Ce8+uqr4l2ryZMn841vfIPvfOc7/O53vwOgubkZi8XCnDlzOHnyJI8++ijHjh1j5syZBAIB5s+fD8C5c+cIBAL4fD4mTZok6fLjoKxQARw7dgyPx8OsWbN4+eWXmTRpEjU1NdTX1xMKhSgoKKCmpoYrV66QkpIiLiJwOp0cP34cq9XKtm3bOHDgAEOGDKG+vp6TJ09SUFCAz+fjzJkzfPGLX3zo67YGkkEj99bILS4uFu+fBoNB3nvvPWbOnInL5eJvf/sbV69eZd68eSxatIiMjAyefvppzGYz+fn5PPXUU6xdu5b3338flUrF/PnzsdvtJCYm0t3dza5duwgEArzxxhsPbCXiw2DQyL01cjMyMtDpdHg8Hp599lkKCwuprq7GZrNhNBr5yle+QlFREUajkYqKClJTU/noo4+IRCJs3ryZnp4eNmzYQFpaGhUVFWzZsoU//OEPBINBMZEymUx3XfP9b2LQyL11nnvx4kVWr16N3+/HarUya9YsBEFg3rx5JCYmsnfvXtLT06mrq2PPnj1s3ryZJ554AofDQUJCAsuWLWPHjh386U9/or6+njFjxpCcnMzIkSOZPXs2e/fuJRwOi+VHn89HKBR6mKfgNnp6eu65nAs3yH3uued4//33+6VTd8qnn37KY489BtyeLU+YMIGjR48yd+5cjhw5QiQSESP1Rz/6EVOnTuWXv/wlzc3N+Hw+Ro0axe7du/nZz37GuHHjuHz5Mvv372fMmDGMHj2a06dPM3r0aNatW8ezzz5LKBS66bGUlStXisnZYGH27NlUVlbe8/6i3OsFgs2bN/dLxz6Pffv2sXTpUtxuN3B75HZ0dBCLxTh48CCPPvoop0+fZvjw4WzcuJG//vWvpKSkUFlZSVFREa2trYwbN47ly5ezbNkyurq6UCgUvPLKKxw7dozk5GSmT59ONBpl8uTJLF++HKfTSVxc3E19Wr16Nd///vcfyPg/j+LiYo4ePXpfbYhFjJqaGtrb28nJyXkgz7G0tLRw7tw5zGYzEyZMuOn53EgkwmuvvcaJEyeoqKggKyuLnp4eNBoNO3fuZMaMGRw4cID58+fT1NREfX09FosFtVot3rTv7e2lt7eX4uJiamtr0el02O12jh07RlNTEzk5OZw9e5YPPviAhIQEXC4XXq8Xk8mE1Wod8PF/Hk1NTcRiMdLS0u75hoY4zx01atSA3ST4V6Snp5Oeni5u35otK5VKEhMT0Wg0GAwG8vLyeP311/ne975HY2MjCxcupKenB4/HQ2FhobgaQq/X43A4yM7OpqqqSlyBUVFRQWNjI48//jhvvfUW9fX1PPXUU+KJs1qtg0Lqdf7VPeS7ZdAUMW695gKMHj0av99PUVERLpeLpUuX8sknn1BYWMiVK1dITk4mISGBo0ePMn/+fHw+H1OmTKG6upoPP/yQl156ifLyci5cuIBaraampoYZM2bw3HPPkZeXh8vlkvSNg0FZW5bpH+45ciORiPiTCna7/a73DwQCuN1u8WGpW+e5MvePKNfv97N3716MRiMJCQkYDAYCgQBlZWUA7N27F71eT1JSEsFgEI1Gw7hx47DZbLS2tt51jXbXrl28+OKLDBkyhJqamtuuudu3b8dmsyEIAna7HY1Gg9/vR6FQiI+F3MipU6duWtmhUqkwm81kZGTc67n5r0ecChkMBh555BGys7MZMmQIRqPxpkl9QUEBOTk5JCQk0NfXB8CIESNoa2u7p+L7woULOXDggLh9a+SmpKSgUCjQ6XT4fD7q6+vxeDwcOXLkX7an0+no6ekRl++cPXuWhoaGu+6XpBD+l2AwKFRWVgrbt28Xdu3aJUSjUeE/EQ6HhY6Ojv/4ns/jxjYuXLgg7N69W/xbfX290NzcLHR3dwunTp0SYrGYUFlZKRQVFQmTJk26r+Peyvz584WioiLhz3/+c7+2+7C56RHO6/c5dTrd5y6gVqvVJCcn39cH68Y2bo3clpYWXC6X+Asyo0ePxuv1kpiY2O+Flp/+9KesWrWKrq6ufm33oXOvn4rGxkbhBz/4wX19spqamoQ1a9YIgnB75Ho8HqGvr0/8JwiC0NLSIuzfv/++jvnvqKqqEpxO54C0/bC4Z7nV1dVCenq6sH79+nva/9NPPxVWrVoljBw5Umxv27Zt99odmX/BPd8VSklJYe7cuXz22Wf3VAjo6enB7/eLq/sHw29iSI1BU8SQf/ux/xnQ8mM4HGbPnj0kJiYSjUbFpxlMJhNut5twOMzYsWOx2Wxy5A4AAyo3Go0yYcIEotEooVAIg8FAOBxGEARSUlJQq9XiGqY7qVBdunSJyspKlixZ0u993blzJxkZGWLRRgoMqFy9Xn/Ht6vuJHLr6urYsGGD+Es2/cXBgwd5++23WbBggaTkDpplNncSuWlpaeTm5rJz585+Pfa+ffuwWCzk5OT0a7sPm0GTUMl3hfqf/6rIlbk7Bo1cOVvufwaNXDly+59BI1eO3P5n0MiVI7f/GTRy5cjtfwaNXDly+59BI1eO3P7nfwBxTbHhsw7/BAAAAABJRU5ErkJggg==",
]
`;
