// Vitest Snapshot v1, https://vitest.dev/guide/snapshot.html

exports[`multiple pages > page overflow 1`] = `
[
  "{\\"Width\\":37.205,\\"Height\\":52.618,\\"HLines\\":[],\\"VLines\\":[],\\"Fills\\":[],\\"Texts\\":[{\\"x\\":18.029,\\"y\\":49.237,\\"w\\":40.348,\\"clr\\":0,\\"sw\\":0.32553125,\\"A\\":\\"left\\",\\"R\\":[{\\"T\\":\\"PAGE%201\\",\\"S\\":-1,\\"TS\\":[0,15,1,0]}]}],\\"Fields\\":[],\\"Boxsets\\":[]}",
  "{\\"Width\\":37.205,\\"Height\\":52.618,\\"HLines\\":[{\\"x\\":0,\\"y\\":34.016,\\"w\\":1.125,\\"l\\":37.205,\\"oc\\":\\"#000000\\",\\"dsh\\":1},{\\"x\\":0.886,\\"y\\":40.762,\\"w\\":1.125,\\"l\\":0.531,\\"oc\\":\\"#000000\\"},{\\"x\\":0.886,\\"y\\":44.305,\\"w\\":1.125,\\"l\\":0.531,\\"oc\\":\\"#000000\\"},{\\"x\\":9.567,\\"y\\":44.305,\\"w\\":1.125,\\"l\\":0.531,\\"oc\\":\\"#000000\\"},{\\"x\\":9.567,\\"y\\":40.762,\\"w\\":1.125,\\"l\\":0.531,\\"oc\\":\\"#000000\\"},{\\"x\\":4.783,\\"y\\":46.063,\\"w\\":1.125,\\"l\\":0.531,\\"oc\\":\\"#000000\\"},{\\"x\\":4.783,\\"y\\":47.835,\\"w\\":1.125,\\"l\\":0.531,\\"oc\\":\\"#000000\\"},{\\"x\\":9.567,\\"y\\":47.835,\\"w\\":1.125,\\"l\\":0.531,\\"oc\\":\\"#000000\\"},{\\"x\\":9.567,\\"y\\":46.063,\\"w\\":1.125,\\"l\\":0.531,\\"oc\\":\\"#000000\\"},{\\"x\\":15.425,\\"y\\":40.437,\\"w\\":2.13,\\"l\\":1.044,\\"clr\\":1},{\\"x\\":15.425,\\"y\\":41.587,\\"w\\":2.13,\\"l\\":1.044,\\"clr\\":1},{\\"x\\":13.819,\\"y\\":46.772,\\"w\\":1.125,\\"l\\":0.531,\\"oc\\":\\"#000000\\"},{\\"x\\":13.819,\\"y\\":49.429,\\"w\\":1.125,\\"l\\":0.531,\\"oc\\":\\"#000000\\"},{\\"x\\":20.374,\\"y\\":49.429,\\"w\\":1.125,\\"l\\":0.531,\\"oc\\":\\"#000000\\"},{\\"x\\":20.374,\\"y\\":46.772,\\"w\\":1.125,\\"l\\":0.531,\\"oc\\":\\"#000000\\"},{\\"x\\":20.906,\\"y\\":39.829,\\"w\\":1.125,\\"l\\":0.531,\\"oc\\":\\"#000000\\"},{\\"x\\":20.906,\\"y\\":44.258,\\"w\\":1.125,\\"l\\":0.531,\\"oc\\":\\"#000000\\"},{\\"x\\":31.89,\\"y\\":44.258,\\"w\\":1.125,\\"l\\":0.531,\\"oc\\":\\"#000000\\"},{\\"x\\":31.89,\\"y\\":39.829,\\"w\\":1.125,\\"l\\":0.531,\\"oc\\":\\"#000000\\"}],\\"VLines\\":[{\\"x\\":10.984,\\"y\\":34.016,\\"w\\":1.125,\\"l\\":18.602,\\"oc\\":\\"#000000\\",\\"dsh\\":1},{\\"x\\":0.886,\\"y\\":40.762,\\"w\\":1.125,\\"l\\":0.531,\\"oc\\":\\"#000000\\"},{\\"x\\":0.886,\\"y\\":43.774,\\"w\\":1.125,\\"l\\":0.531,\\"oc\\":\\"#000000\\"},{\\"x\\":10.098,\\"y\\":43.774,\\"w\\":1.125,\\"l\\":0.531,\\"oc\\":\\"#000000\\"},{\\"x\\":10.098,\\"y\\":40.762,\\"w\\":1.125,\\"l\\":0.531,\\"oc\\":\\"#000000\\"},{\\"x\\":4.783,\\"y\\":46.063,\\"w\\":1.125,\\"l\\":0.531,\\"oc\\":\\"#000000\\"},{\\"x\\":4.783,\\"y\\":47.303,\\"w\\":1.125,\\"l\\":0.531,\\"oc\\":\\"#000000\\"},{\\"x\\":10.098,\\"y\\":47.303,\\"w\\":1.125,\\"l\\":0.531,\\"oc\\":\\"#000000\\"},{\\"x\\":10.098,\\"y\\":46.063,\\"w\\":1.125,\\"l\\":0.531,\\"oc\\":\\"#000000\\"},{\\"x\\":15.369,\\"y\\":40.494,\\"w\\":2.13,\\"l\\":1.044,\\"clr\\":1},{\\"x\\":16.519,\\"y\\":40.494,\\"w\\":2.13,\\"l\\":1.044,\\"clr\\":1},{\\"x\\":13.819,\\"y\\":46.772,\\"w\\":1.125,\\"l\\":0.531,\\"oc\\":\\"#000000\\"},{\\"x\\":13.819,\\"y\\":48.898,\\"w\\":1.125,\\"l\\":0.531,\\"oc\\":\\"#000000\\"},{\\"x\\":20.906,\\"y\\":48.898,\\"w\\":1.125,\\"l\\":0.531,\\"oc\\":\\"#000000\\"},{\\"x\\":20.906,\\"y\\":46.772,\\"w\\":1.125,\\"l\\":0.531,\\"oc\\":\\"#000000\\"},{\\"x\\":20.906,\\"y\\":39.829,\\"w\\":1.125,\\"l\\":0.531,\\"oc\\":\\"#000000\\"},{\\"x\\":20.906,\\"y\\":43.727,\\"w\\":1.125,\\"l\\":0.531,\\"oc\\":\\"#000000\\"},{\\"x\\":32.421,\\"y\\":43.727,\\"w\\":1.125,\\"l\\":0.531,\\"oc\\":\\"#000000\\"},{\\"x\\":32.421,\\"y\\":39.829,\\"w\\":1.125,\\"l\\":0.531,\\"oc\\":\\"#000000\\"}],\\"Fills\\":[],\\"Texts\\":[{\\"x\\":0.636,\\"y\\":34.645,\\"w\\":88.022,\\"clr\\":0,\\"sw\\":0.32553125,\\"A\\":\\"left\\",\\"R\\":[{\\"T\\":\\"Empfangsschein\\",\\"S\\":-1,\\"TS\\":[0,15,1,0]}]},{\\"x\\":0.636,\\"y\\":35.848,\\"w\\":52.674,\\"clr\\":0,\\"sw\\":0.32553125,\\"A\\":\\"left\\",\\"R\\":[{\\"T\\":\\"Konto%20%2F%20Zahlbar%20an\\",\\"S\\":52,\\"TS\\":[0,9,1,0]}]},{\\"x\\":0.636,\\"y\\":36.447,\\"w\\":107.184,\\"clr\\":0,\\"sw\\":0.32553125,\\"A\\":\\"left\\",\\"R\\":[{\\"T\\":\\"CH58%200079%201123%200008%208901%202\\",\\"S\\":-1,\\"TS\\":[0,11,0,0]}]},{\\"x\\":0.636,\\"y\\":36.994,\\"w\\":106.24,\\"clr\\":0,\\"sw\\":0.32553125,\\"A\\":\\"left\\",\\"R\\":[{\\"T\\":\\"Creditor%20FirstName%20LastName\\",\\"S\\":-1,\\"TS\\":[0,11,0,0]}]},{\\"x\\":0.636,\\"y\\":37.54,\\"w\\":60.016,\\"clr\\":0,\\"sw\\":0.32553125,\\"A\\":\\"left\\",\\"R\\":[{\\"T\\":\\"Creditor%20Address\\",\\"S\\":-1,\\"TS\\":[0,11,0,0]}]},{\\"x\\":0.636,\\"y\\":38.087,\\"w\\":64.464,\\"clr\\":0,\\"sw\\":0.32553125,\\"A\\":\\"left\\",\\"R\\":[{\\"T\\":\\"1234%20Creditor%20City\\",\\"S\\":-1,\\"TS\\":[0,11,0,0]}]},{\\"x\\":0.636,\\"y\\":39.772,\\"w\\":87.354,\\"clr\\":0,\\"sw\\":0.32553125,\\"A\\":\\"left\\",\\"R\\":[{\\"T\\":\\"Zahlbar%20durch%20(Name%2FAdresse)\\",\\"S\\":52,\\"TS\\":[0,9,1,0]}]},{\\"x\\":0.636,\\"y\\":45.582,\\"w\\":25.998,\\"clr\\":0,\\"sw\\":0.32553125,\\"A\\":\\"left\\",\\"R\\":[{\\"T\\":\\"W%C3%A4hrung\\",\\"S\\":52,\\"TS\\":[0,9,1,0]}]},{\\"x\\":2.939,\\"y\\":45.582,\\"w\\":19.002,\\"clr\\":0,\\"sw\\":0.32553125,\\"A\\":\\"left\\",\\"R\\":[{\\"T\\":\\"Betrag\\",\\"S\\":52,\\"TS\\":[0,9,1,0]}]},{\\"x\\":0.636,\\"y\\":46.203,\\"w\\":16.44,\\"clr\\":0,\\"sw\\":0.32553125,\\"A\\":\\"left\\",\\"R\\":[{\\"T\\":\\"CHF\\",\\"S\\":-1,\\"TS\\":[0,11,0,0]}]},{\\"x\\":7.181,\\"y\\":48.063,\\"w\\":42.678,\\"clr\\":0,\\"sw\\":0.32553125,\\"A\\":\\"left\\",\\"R\\":[{\\"T\\":\\"Annahmestelle\\",\\"S\\":52,\\"TS\\":[0,9,1,0]}]},{\\"x\\":11.62,\\"y\\":34.645,\\"w\\":38.511,\\"clr\\":0,\\"sw\\":0.32553125,\\"A\\":\\"left\\",\\"R\\":[{\\"T\\":\\"Zahlteil\\",\\"S\\":-1,\\"TS\\":[0,15,1,0]}]},{\\"x\\":11.62,\\"y\\":45.672,\\"w\\":34.664,\\"clr\\":0,\\"sw\\":0.32553125,\\"A\\":\\"left\\",\\"R\\":[{\\"T\\":\\"W%C3%A4hrung\\",\\"S\\":-1,\\"TS\\":[0,11,1,0]}]},{\\"x\\":15.518,\\"y\\":45.672,\\"w\\":25.336,\\"clr\\":0,\\"sw\\":0.32553125,\\"A\\":\\"left\\",\\"R\\":[{\\"T\\":\\"Betrag\\",\\"S\\":-1,\\"TS\\":[0,11,1,0]}]},{\\"x\\":11.62,\\"y\\":46.47,\\"w\\":20.55,\\"clr\\":0,\\"sw\\":0.32553125,\\"A\\":\\"left\\",\\"R\\":[{\\"T\\":\\"CHF\\",\\"S\\":-1,\\"TS\\":[0,13,0,0]}]},{\\"x\\":20.656,\\"y\\":34.698,\\"w\\":70.232,\\"clr\\":0,\\"sw\\":0.32553125,\\"A\\":\\"left\\",\\"R\\":[{\\"T\\":\\"Konto%20%2F%20Zahlbar%20an\\",\\"S\\":-1,\\"TS\\":[0,11,1,0]}]},{\\"x\\":20.656,\\"y\\":35.445,\\"w\\":133.98,\\"clr\\":0,\\"sw\\":0.32553125,\\"A\\":\\"left\\",\\"R\\":[{\\"T\\":\\"CH58%200079%201123%200008%208901%202\\",\\"S\\":-1,\\"TS\\":[0,13,0,0]}]},{\\"x\\":20.656,\\"y\\":36.121,\\"w\\":132.8,\\"clr\\":0,\\"sw\\":0.32553125,\\"A\\":\\"left\\",\\"R\\":[{\\"T\\":\\"Creditor%20FirstName%20LastName\\",\\"S\\":-1,\\"TS\\":[0,13,0,0]}]},{\\"x\\":20.656,\\"y\\":36.797,\\"w\\":75.02,\\"clr\\":0,\\"sw\\":0.32553125,\\"A\\":\\"left\\",\\"R\\":[{\\"T\\":\\"Creditor%20Address\\",\\"S\\":-1,\\"TS\\":[0,13,0,0]}]},{\\"x\\":20.656,\\"y\\":37.472,\\"w\\":80.58,\\"clr\\":0,\\"sw\\":0.32553125,\\"A\\":\\"left\\",\\"R\\":[{\\"T\\":\\"1234%20Creditor%20City\\",\\"S\\":-1,\\"TS\\":[0,13,0,0]}]},{\\"x\\":20.656,\\"y\\":38.781,\\"w\\":116.472,\\"clr\\":0,\\"sw\\":0.32553125,\\"A\\":\\"left\\",\\"R\\":[{\\"T\\":\\"Zahlbar%20durch%20(Name%2FAdresse)\\",\\"S\\":-1,\\"TS\\":[0,11,1,0]}]}],\\"Fields\\":[],\\"Boxsets\\":[]}",
]
`;
